<html>
<body>
<pre>
<h1>µVision Build Log</h1>
<h2>Project:</h2>
C:\NUC140_Information\Nu_LB_NUC140_Dev\ProjectDev\Nu-LB-NUC140\Lab4_LCD_SimpleGame\KEIL\Nu-LB-NUC140_Lab4_LCD_SimpleGame.uvproj
Project File Date:  08/31/2017

<h2>Output:</h2>
Build target 'LCD_picture'
creating preprocessor file for main.c...
compiling main.c...
..\main.c(152): warning:  #68-D: integer conversion resulted in a change of sign
..\main.c(154): warning:  #68-D: integer conversion resulted in a change of sign
..\main.c(183): warning:  #174-D: expression has no effect
linking...
Program Size: Code=2520 RO-data=224 RW-data=10236 ZI-data=2052  
User command #1: fromelf --bin ".\obj\LCD_picture.axf" --output ".\obj\LCD_picture.bin"
User command #2: fromelf --text -c ".\obj\LCD_picture.axf" --output ".\obj\LCD_picture.txt"
".\obj\LCD_picture.axf" - 0 Error(s), 3 Warning(s).
Load "C:\\NUC140_Information\\Nu_LB_NUC140_Dev\\ProjectDev\\Nu-LB-NUC140\\Lab4_LCD_SimpleGame\\KEIL\\obj\\LCD_picture.AXF" 
Erase Done.
Programming Done.
Verify OK.
Application running...
