<html>
<body>
<pre>
<h1>µVision Build Log</h1>
<h2>Project:</h2>
C:\NUC140_Information\Nu_LB_NUC140_Dev\ProjectDev\Nu-LB-NUC140\Lab4_SPI3_LCD\KEIL\Nu-LB-NUC140_Lab4_SPI3_LCD.uvproj
Project File Date:  07/20/2017

<h2>Output:</h2>
Build target 'ProjectName'
creating preprocessor file for system_NUC100Series.c...
compiling system_NUC100Series.c...
assembling startup_NUC100Series.s...
creating preprocessor file for retarget.c...
compiling retarget.c...
creating preprocessor file for gpio.c...
compiling gpio.c...
creating preprocessor file for clk.c...
compiling clk.c...
creating preprocessor file for sys.c...
compiling sys.c...
creating preprocessor file for main.c...
..\main.c(150): warning:  #1-D: last line of file ends without a newline
compiling main.c...
..\main.c(125): error:  #18: expected a ")"
..\main.c(128): warning:  #12-D: parsing restarts here after previous syntax error
..\main.c(128): error:  #127: expected a statement
..\main.c(150): warning:  #1-D: last line of file ends without a newline
creating preprocessor file for SYS_init.c...
compiling SYS_init.c...
Target not created
Build target 'ProjectName'
creating preprocessor file for main.c...
..\main.c(151): warning:  #1-D: last line of file ends without a newline
compiling main.c...
..\main.c(125): error:  #18: expected a ")"
..\main.c(128): warning:  #12-D: parsing restarts here after previous syntax error
..\main.c(128): error:  #127: expected a statement
..\main.c(151): warning:  #1-D: last line of file ends without a newline
Target not created
Build target 'ProjectName'
creating preprocessor file for main.c...
..\main.c(151): warning:  #1-D: last line of file ends without a newline
compiling main.c...
..\main.c(151): warning:  #1-D: last line of file ends without a newline
linking...
Program Size: Code=2020 RO-data=224 RW-data=8 ZI-data=1040  
FromELF: creating hex file...
User command #1: fromelf --bin ".\obj\ProjectName.axf" --output ".\obj\ProjectName.bin"
User command #2: fromelf --text -c ".\obj\ProjectName.axf" --output ".\obj\ProjectName.txt"
".\obj\ProjectName.axf" - 0 Error(s), 1 Warning(s).
Load "C:\\NUC140_Information\\Nu_LB_NUC140_Dev\\ProjectDev\\Nu-LB-NUC140\\Lab4_SPI3_LCD\\KEIL\\obj\\ProjectName.AXF" 
Erase Done.
Programming Done.
Verify OK.
Application running...
