<html>
<body>
<pre>
<h1>µVision Build Log</h1>
<h2>Project:</h2>
C:\NUC140_Information\Nu_LB_NUC140_Dev\ProjectDev\Nu-LB-NUC140\Test_Q1_LEDBlinking\KEIL\Nu-LB-NUC140_Test_Q1_LEDBlinking.uvproj
Project File Date:  07/20/2017

<h2>Output:</h2>
Build target 'ProjectName'
linking...
Program Size: Code=1728 RO-data=224 RW-data=8 ZI-data=1040  
FromELF: creating hex file...
User command #1: fromelf --bin ".\obj\ProjectName.axf" --output ".\obj\ProjectName.bin"
User command #2: fromelf --text -c ".\obj\ProjectName.axf" --output ".\obj\ProjectName.txt"
".\obj\ProjectName.axf" - 0 Error(s), 0 Warning(s).
Load "C:\\NUC140_Information\\Nu_LB_NUC140_Dev\\ProjectDev\\Nu-LB-NUC140\\Test_Q1_LEDBlinking\\KEIL\\obj\\ProjectName.AXF" 
Erase Done.
Programming Done.
Verify OK.
Application running...
