<html>
<body>
<pre>
<h1>µVision Build Log</h1>
<h2>Project:</h2>
C:\NUC140_Information\Nu_LB_NUC140_Dev\ProjectDev\Nu-LB-NUC140\Lab1_LEDBlinking\KEIL\Nu-LB-NUC140_Lab1_LEDBlinking.uvproj
Project File Date:  07/20/2017

<h2>Output:</h2>
Build target 'ProjectName'
creating preprocessor file for system_NUC100Series.c...
compiling system_NUC100Series.c...
assembling startup_NUC100Series.s...
creating preprocessor file for retarget.c...
compiling retarget.c...
creating preprocessor file for gpio.c...
compiling gpio.c...
creating preprocessor file for clk.c...
compiling clk.c...
creating preprocessor file for sys.c...
compiling sys.c...
creating preprocessor file for main.c...
compiling main.c...
..\main.c(92): warning:  #223-D: function "Delay_s" declared implicitly
..\main.c(98): error:  #268: declaration may not appear after executable statement in block
..\main.c(98): error:  #159: declaration is incompatible with previous "Delay_s" (declared at line 92)
..\main.c(98): error:  #65: expected a ";"
..\main.c(102): warning:  #12-D: parsing restarts here after previous syntax error
creating preprocessor file for SYS_init.c...
compiling SYS_init.c...
Target not created
Rebuild target 'ProjectName'
creating preprocessor file for system_NUC100Series.c...
compiling system_NUC100Series.c...
assembling startup_NUC100Series.s...
creating preprocessor file for retarget.c...
compiling retarget.c...
creating preprocessor file for gpio.c...
compiling gpio.c...
creating preprocessor file for clk.c...
compiling clk.c...
creating preprocessor file for sys.c...
compiling sys.c...
creating preprocessor file for main.c...
compiling main.c...
..\main.c(100): error:  #268: declaration may not appear after executable statement in block
..\main.c(100): error:  #65: expected a ";"
..\main.c(104): warning:  #12-D: parsing restarts here after previous syntax error
creating preprocessor file for SYS_init.c...
compiling SYS_init.c...
Target not created
Build target 'ProjectName'
creating preprocessor file for main.c...
..\main.c(104): warning:  #1-D: last line of file ends without a newline
compiling main.c...
..\main.c(104): warning:  #1-D: last line of file ends without a newline
linking...
Program Size: Code=1724 RO-data=224 RW-data=8 ZI-data=1040  
FromELF: creating hex file...
User command #1: fromelf --bin ".\obj\ProjectName.axf" --output ".\obj\ProjectName.bin"
User command #2: fromelf --text -c ".\obj\ProjectName.axf" --output ".\obj\ProjectName.txt"
".\obj\ProjectName.axf" - 0 Error(s), 1 Warning(s).
Load "C:\\NUC140_Information\\Nu_LB_NUC140_Dev\\ProjectDev\\Nu-LB-NUC140\\Lab1_LEDBlinking\\KEIL\\obj\\ProjectName.AXF" 
Erase Done.
Programming Done.
Verify OK.
Application running...
Build target 'ProjectName'
creating preprocessor file for main.c...
..\main.c(104): warning:  #1-D: last line of file ends without a newline
compiling main.c...
..\main.c(104): warning:  #1-D: last line of file ends without a newline
linking...
Program Size: Code=1704 RO-data=224 RW-data=8 ZI-data=1040  
FromELF: creating hex file...
User command #1: fromelf --bin ".\obj\ProjectName.axf" --output ".\obj\ProjectName.bin"
User command #2: fromelf --text -c ".\obj\ProjectName.axf" --output ".\obj\ProjectName.txt"
".\obj\ProjectName.axf" - 0 Error(s), 1 Warning(s).
Load "C:\\NUC140_Information\\Nu_LB_NUC140_Dev\\ProjectDev\\Nu-LB-NUC140\\Lab1_LEDBlinking\\KEIL\\obj\\ProjectName.AXF" 
Erase Done.
Programming Done.
Verify OK.
Application running...
Load "C:\\NUC140_Information\\Nu_LB_NUC140_Dev\\ProjectDev\\Nu-LB-NUC140\\Lab1_LEDBlinking\\KEIL\\obj\\ProjectName.AXF" 
Erase Done.
Programming Done.
Verify OK.
Application running...
Load "C:\\NUC140_Information\\Nu_LB_NUC140_Dev\\ProjectDev\\Nu-LB-NUC140\\Lab1_LEDBlinking\\KEIL\\obj\\ProjectName.AXF" 
Erase Done.
Programming Done.
Verify OK.
Application running...
Build target 'ProjectName'
creating preprocessor file for main.c...
..\main.c(104): warning:  #1-D: last line of file ends without a newline
compiling main.c...
..\main.c(104): warning:  #1-D: last line of file ends without a newline
linking...
Program Size: Code=1704 RO-data=224 RW-data=8 ZI-data=1040  
FromELF: creating hex file...
User command #1: fromelf --bin ".\obj\ProjectName.axf" --output ".\obj\ProjectName.bin"
User command #2: fromelf --text -c ".\obj\ProjectName.axf" --output ".\obj\ProjectName.txt"
".\obj\ProjectName.axf" - 0 Error(s), 1 Warning(s).
Load "C:\\NUC140_Information\\Nu_LB_NUC140_Dev\\ProjectDev\\Nu-LB-NUC140\\Lab1_LEDBlinking\\KEIL\\obj\\ProjectName.AXF" 
Erase Done.
Programming Done.
Verify OK.
Application running...
Build target 'ProjectName'
creating preprocessor file for main.c...
..\main.c(104): warning:  #1-D: last line of file ends without a newline
compiling main.c...
..\main.c(104): warning:  #1-D: last line of file ends without a newline
linking...
Program Size: Code=1724 RO-data=224 RW-data=8 ZI-data=1040  
FromELF: creating hex file...
User command #1: fromelf --bin ".\obj\ProjectName.axf" --output ".\obj\ProjectName.bin"
User command #2: fromelf --text -c ".\obj\ProjectName.axf" --output ".\obj\ProjectName.txt"
".\obj\ProjectName.axf" - 0 Error(s), 1 Warning(s).
Load "C:\\NUC140_Information\\Nu_LB_NUC140_Dev\\ProjectDev\\Nu-LB-NUC140\\Lab1_LEDBlinking\\KEIL\\obj\\ProjectName.AXF" 
Erase Done.
Programming Done.
Verify OK.
Application running...
Build target 'ProjectName'
creating preprocessor file for main.c...
..\main.c(110): warning:  #1-D: last line of file ends without a newline
compiling main.c...
..\main.c(110): warning:  #1-D: last line of file ends without a newline
linking...
Program Size: Code=1768 RO-data=224 RW-data=8 ZI-data=1040  
FromELF: creating hex file...
User command #1: fromelf --bin ".\obj\ProjectName.axf" --output ".\obj\ProjectName.bin"
User command #2: fromelf --text -c ".\obj\ProjectName.axf" --output ".\obj\ProjectName.txt"
".\obj\ProjectName.axf" - 0 Error(s), 1 Warning(s).
Load "C:\\NUC140_Information\\Nu_LB_NUC140_Dev\\ProjectDev\\Nu-LB-NUC140\\Lab1_LEDBlinking\\KEIL\\obj\\ProjectName.AXF" 
Erase Done.
Programming Done.
Verify OK.
Application running...
Load "C:\\NUC140_Information\\Nu_LB_NUC140_Dev\\ProjectDev\\Nu-LB-NUC140\\Lab1_LEDBlinking\\KEIL\\obj\\ProjectName.AXF" 
Erase Done.
Programming Done.
Verify OK.
Application running...
Build target 'ProjectName'
creating preprocessor file for main.c...
..\main.c(94): warning:  #1-D: last line of file ends without a newline
compiling main.c...
..\main.c(94): warning:  #1-D: last line of file ends without a newline
linking...
Program Size: Code=1700 RO-data=224 RW-data=8 ZI-data=1040  
FromELF: creating hex file...
User command #1: fromelf --bin ".\obj\ProjectName.axf" --output ".\obj\ProjectName.bin"
User command #2: fromelf --text -c ".\obj\ProjectName.axf" --output ".\obj\ProjectName.txt"
".\obj\ProjectName.axf" - 0 Error(s), 1 Warning(s).
Load "C:\\NUC140_Information\\Nu_LB_NUC140_Dev\\ProjectDev\\Nu-LB-NUC140\\Lab1_LEDBlinking\\KEIL\\obj\\ProjectName.AXF" 
Erase Done.
Programming Done.
Verify OK.
Application running...
Build target 'ProjectName'
creating preprocessor file for main.c...
..\main.c(94): warning:  #1-D: last line of file ends without a newline
compiling main.c...
..\main.c(94): warning:  #1-D: last line of file ends without a newline
linking...
Program Size: Code=1700 RO-data=224 RW-data=8 ZI-data=1040  
FromELF: creating hex file...
User command #1: fromelf --bin ".\obj\ProjectName.axf" --output ".\obj\ProjectName.bin"
User command #2: fromelf --text -c ".\obj\ProjectName.axf" --output ".\obj\ProjectName.txt"
".\obj\ProjectName.axf" - 0 Error(s), 1 Warning(s).
Load "C:\\NUC140_Information\\Nu_LB_NUC140_Dev\\ProjectDev\\Nu-LB-NUC140\\Lab1_LEDBlinking\\KEIL\\obj\\ProjectName.AXF" 
Erase Done.
Programming Done.
Verify OK.
Application running...
Build target 'ProjectName'
creating preprocessor file for main.c...
..\main.c(94): warning:  #1-D: last line of file ends without a newline
compiling main.c...
..\main.c(94): warning:  #1-D: last line of file ends without a newline
linking...
Program Size: Code=1700 RO-data=224 RW-data=8 ZI-data=1040  
FromELF: creating hex file...
User command #1: fromelf --bin ".\obj\ProjectName.axf" --output ".\obj\ProjectName.bin"
User command #2: fromelf --text -c ".\obj\ProjectName.axf" --output ".\obj\ProjectName.txt"
".\obj\ProjectName.axf" - 0 Error(s), 1 Warning(s).
Load "C:\\NUC140_Information\\Nu_LB_NUC140_Dev\\ProjectDev\\Nu-LB-NUC140\\Lab1_LEDBlinking\\KEIL\\obj\\ProjectName.AXF" 
Erase Done.
Programming Done.
Verify OK.
Application running...
Build target 'ProjectName'
creating preprocessor file for main.c...
..\main.c(75): warning:  #1-D: last line of file ends without a newline
compiling main.c...
..\main.c(75): warning:  #1-D: last line of file ends without a newline
linking...
Program Size: Code=1700 RO-data=224 RW-data=8 ZI-data=1040  
FromELF: creating hex file...
User command #1: fromelf --bin ".\obj\ProjectName.axf" --output ".\obj\ProjectName.bin"
User command #2: fromelf --text -c ".\obj\ProjectName.axf" --output ".\obj\ProjectName.txt"
".\obj\ProjectName.axf" - 0 Error(s), 1 Warning(s).
Load "C:\\NUC140_Information\\Nu_LB_NUC140_Dev\\ProjectDev\\Nu-LB-NUC140\\Lab1_LEDBlinking\\KEIL\\obj\\ProjectName.AXF" 
Erase Done.
Programming Done.
Verify OK.
Application running...
