ARM Linker, 4.1 [Build 894] [Evaluation]

==============================================================================

Small function inlining results

Inlined total of 0 calls.

==============================================================================

Section Cross References

    system_nuc100series.o(i.SystemCoreClockUpdate) refers to uidiv.o(.text) for __aeabi_uidivmod
    system_nuc100series.o(i.SystemCoreClockUpdate) refers to system_nuc100series.o(.data) for .data
    startup_nuc100series.o(RESET) refers to startup_nuc100series.o(STACK) for __initial_sp
    startup_nuc100series.o(RESET) refers to startup_nuc100series.o(.text) for Reset_Handler
    startup_nuc100series.o(.text) refers to system_nuc100series.o(i.SystemInit) for SystemInit
    startup_nuc100series.o(.text) refers to entry.o(.ARM.Collect$$$$00000000) for __main
    clk.o(i.CLK_DisableCKO) refers to clk.o(i.CLK_DisableModuleClock) for CLK_DisableModuleClock
    clk.o(i.CLK_DisableModuleClock) refers to clk.o(.constdata) for .constdata
    clk.o(i.CLK_EnableCKO) refers to clk.o(i.CLK_EnableModuleClock) for CLK_EnableModuleClock
    clk.o(i.CLK_EnableCKO) refers to clk.o(i.CLK_SetModuleClock) for CLK_SetModuleClock
    clk.o(i.CLK_EnableModuleClock) refers to clk.o(.constdata) for .constdata
    clk.o(i.CLK_EnablePLL) refers to clk.o(i.CLK_WaitClockReady) for CLK_WaitClockReady
    clk.o(i.CLK_EnablePLL) refers to uidiv.o(.text) for __aeabi_uidivmod
    clk.o(i.CLK_GetCPUFreq) refers to system_nuc100series.o(i.SystemCoreClockUpdate) for SystemCoreClockUpdate
    clk.o(i.CLK_GetCPUFreq) refers to system_nuc100series.o(.data) for SystemCoreClock
    clk.o(i.CLK_GetHCLKFreq) refers to system_nuc100series.o(i.SystemCoreClockUpdate) for SystemCoreClockUpdate
    clk.o(i.CLK_GetHCLKFreq) refers to system_nuc100series.o(.data) for SystemCoreClock
    clk.o(i.CLK_GetPCLKFreq) refers to system_nuc100series.o(i.SystemCoreClockUpdate) for SystemCoreClockUpdate
    clk.o(i.CLK_GetPCLKFreq) refers to system_nuc100series.o(.data) for SystemCoreClock
    clk.o(i.CLK_SetCoreClock) refers to clk.o(i.CLK_EnablePLL) for CLK_EnablePLL
    clk.o(i.CLK_SetCoreClock) refers to clk.o(i.CLK_SetHCLK) for CLK_SetHCLK
    clk.o(i.CLK_SetHCLK) refers to system_nuc100series.o(i.SystemCoreClockUpdate) for SystemCoreClockUpdate
    clk.o(i.CLK_SetModuleClock) refers to clk.o(.constdata) for .constdata
    uart.o(i.CLK_GetPLLClockFreq) refers to uidiv.o(.text) for __aeabi_uidivmod
    uart.o(i.UART_Open) refers to uart.o(i.CLK_GetPLLClockFreq) for CLK_GetPLLClockFreq
    uart.o(i.UART_Open) refers to uidiv.o(.text) for __aeabi_uidivmod
    uart.o(i.UART_Open) refers to uart.o(.constdata) for .constdata
    uart.o(i.UART_SelectIrDAMode) refers to uart.o(i.CLK_GetPLLClockFreq) for CLK_GetPLLClockFreq
    uart.o(i.UART_SelectIrDAMode) refers to uidiv.o(.text) for __aeabi_uidivmod
    uart.o(i.UART_SelectIrDAMode) refers to uart.o(.constdata) for .constdata
    uart.o(i.UART_SetLine_Config) refers to uart.o(i.CLK_GetPLLClockFreq) for CLK_GetPLLClockFreq
    uart.o(i.UART_SetLine_Config) refers to uidiv.o(.text) for __aeabi_uidivmod
    uart.o(i.UART_SetLine_Config) refers to uart.o(.constdata) for .constdata
    spi.o(i.CLK_GetPLLClockFreq) refers to uidiv.o(.text) for __aeabi_uidivmod
    spi.o(i.SPI_GetBusClock) refers to clk.o(i.CLK_GetHCLKFreq) for CLK_GetHCLKFreq
    spi.o(i.SPI_GetBusClock) refers to spi.o(i.CLK_GetPLLClockFreq) for CLK_GetPLLClockFreq
    spi.o(i.SPI_GetBusClock) refers to uidiv.o(.text) for __aeabi_uidivmod
    spi.o(i.SPI_Open) refers to clk.o(i.CLK_GetHCLKFreq) for CLK_GetHCLKFreq
    spi.o(i.SPI_Open) refers to spi.o(i.CLK_GetPLLClockFreq) for CLK_GetPLLClockFreq
    spi.o(i.SPI_Open) refers to uidiv.o(.text) for __aeabi_uidivmod
    spi.o(i.SPI_SetBusClock) refers to clk.o(i.CLK_GetHCLKFreq) for CLK_GetHCLKFreq
    spi.o(i.SPI_SetBusClock) refers to spi.o(i.CLK_GetPLLClockFreq) for CLK_GetPLLClockFreq
    spi.o(i.SPI_SetBusClock) refers to uidiv.o(.text) for __aeabi_uidivmod
    main.o(i.CLK_SysTickDelay) refers to system_nuc100series.o(.data) for CyclesPerUs
    main.o(i.KeyPadEnable) refers to gpio.o(i.GPIO_SetMode) for GPIO_SetMode
    main.o(i.LCD_SetAddress) refers to main.o(i.LCD_command) for LCD_command
    main.o(i.LCD_clear) refers to main.o(i.LCD_SetAddress) for LCD_SetAddress
    main.o(i.LCD_clear) refers to main.o(i.LCD_data) for LCD_data
    main.o(i.LCD_start) refers to main.o(i.LCD_command) for LCD_command
    main.o(i.main) refers to main.o(i.System_Config) for System_Config
    main.o(i.main) refers to main.o(i.KeyPadEnable) for KeyPadEnable
    main.o(i.main) refers to main.o(i.SPI3_Config) for SPI3_Config
    main.o(i.main) refers to main.o(i.LCD_start) for LCD_start
    main.o(i.main) refers to main.o(i.LCD_clear) for LCD_clear
    main.o(i.main) refers to main.o(i.KeyPadScanning) for KeyPadScanning
    main.o(i.main) refers to main.o(i.__ARM_common_switch8) for __ARM_common_switch8
    main.o(i.main) refers to lcd.o(i.draw_LCD) for draw_LCD
    main.o(i.main) refers to main.o(i.CLK_SysTickDelay) for CLK_SysTickDelay
    main.o(i.main) refers to lcd.o(i.draw_Pixel) for draw_Pixel
    main.o(i.main) refers to lcd.o(i.draw_Bmp16x16) for draw_Bmp16x16
    main.o(i.main) refers to lcd.o(i.draw_Bmp32x48) for draw_Bmp32x48
    main.o(i.main) refers to lcd.o(i.draw_Bmp32x16) for draw_Bmp32x16
    main.o(i.main) refers to draw2d.o(i.draw_Circle) for draw_Circle
    main.o(i.main) refers to draw2d.o(i.fill_Rectangle) for fill_Rectangle
    main.o(i.main) refers to main.o(.data) for .data
    sys_init.o(i.SYS_Init) refers to clk.o(i.CLK_EnableXtalRC) for CLK_EnableXtalRC
    sys_init.o(i.SYS_Init) refers to clk.o(i.CLK_WaitClockReady) for CLK_WaitClockReady
    sys_init.o(i.SYS_Init) refers to clk.o(i.CLK_SetCoreClock) for CLK_SetCoreClock
    sys_init.o(i.SYS_Init) refers to clk.o(i.CLK_EnableModuleClock) for CLK_EnableModuleClock
    sys_init.o(i.SYS_Init) refers to clk.o(i.CLK_SetModuleClock) for CLK_SetModuleClock
    lcd.o(i.clear_LCD) refers to lcd.o(i.lcdSetAddr) for lcdSetAddr
    lcd.o(i.clear_LCD) refers to lcd.o(i.lcdWriteData) for lcdWriteData
    lcd.o(i.clear_LCD) refers to lcd.o(.bss) for .bss
    lcd.o(i.draw_Bmp120x8) refers to lcd.o(i.draw_Pixel) for draw_Pixel
    lcd.o(i.draw_Bmp16x16) refers to lcd.o(i.draw_Pixel) for draw_Pixel
    lcd.o(i.draw_Bmp16x24) refers to lcd.o(i.draw_Pixel) for draw_Pixel
    lcd.o(i.draw_Bmp16x32) refers to lcd.o(i.draw_Pixel) for draw_Pixel
    lcd.o(i.draw_Bmp16x40) refers to lcd.o(i.draw_Pixel) for draw_Pixel
    lcd.o(i.draw_Bmp16x48) refers to lcd.o(i.draw_Pixel) for draw_Pixel
    lcd.o(i.draw_Bmp16x64) refers to lcd.o(i.draw_Pixel) for draw_Pixel
    lcd.o(i.draw_Bmp16x8) refers to lcd.o(i.draw_Pixel) for draw_Pixel
    lcd.o(i.draw_Bmp32x16) refers to lcd.o(i.draw_Pixel) for draw_Pixel
    lcd.o(i.draw_Bmp32x32) refers to lcd.o(i.draw_Pixel) for draw_Pixel
    lcd.o(i.draw_Bmp32x48) refers to lcd.o(i.draw_Pixel) for draw_Pixel
    lcd.o(i.draw_Bmp32x64) refers to lcd.o(i.draw_Pixel) for draw_Pixel
    lcd.o(i.draw_Bmp32x8) refers to lcd.o(i.draw_Pixel) for draw_Pixel
    lcd.o(i.draw_Bmp64x64) refers to lcd.o(i.draw_Pixel) for draw_Pixel
    lcd.o(i.draw_Bmp8x16) refers to lcd.o(i.draw_Pixel) for draw_Pixel
    lcd.o(i.draw_Bmp8x8) refers to lcd.o(i.draw_Pixel) for draw_Pixel
    lcd.o(i.draw_LCD) refers to lcd.o(i.lcdSetAddr) for lcdSetAddr
    lcd.o(i.draw_LCD) refers to lcd.o(i.lcdWriteData) for lcdWriteData
    lcd.o(i.draw_Pixel) refers to lcd.o(i.lcdSetAddr) for lcdSetAddr
    lcd.o(i.draw_Pixel) refers to lcd.o(i.lcdWriteData) for lcdWriteData
    lcd.o(i.draw_Pixel) refers to lcd.o(.bss) for .bss
    lcd.o(i.init_LCD) refers to lcd.o(i.init_SPI3) for init_SPI3
    lcd.o(i.init_LCD) refers to lcd.o(i.lcdWriteCommand) for lcdWriteCommand
    lcd.o(i.init_SPI3) refers to spi.o(i.SPI_Open) for SPI_Open
    lcd.o(i.init_SPI3) refers to spi.o(i.SPI_DisableAutoSS) for SPI_DisableAutoSS
    lcd.o(i.printC) refers to lcd.o(i.lcdSetAddr) for lcdSetAddr
    lcd.o(i.printC) refers to lcd.o(i.lcdWriteData) for lcdWriteData
    lcd.o(i.printC) refers to lcd.o(.data) for .data
    lcd.o(i.printC_5x7) refers to lcd.o(i.lcdSetAddr) for lcdSetAddr
    lcd.o(i.printC_5x7) refers to lcd.o(i.lcdWriteData) for lcdWriteData
    lcd.o(i.printC_5x7) refers to lcd.o(.data) for .data
    lcd.o(i.printS) refers to lcd.o(i.printC) for printC
    lcd.o(i.printS) refers to strlen.o(.text) for strlen
    lcd.o(i.printS_5x7) refers to lcd.o(i.printC_5x7) for printC_5x7
    lcd.o(i.printS_5x7) refers to strlen.o(.text) for strlen
    lcd.o(i.print_Line) refers to lcd.o(i.printC) for printC
    lcd.o(i.print_Line) refers to strlen.o(.text) for strlen
    draw2d.o(i.draw_Circle) refers to lcd.o(i.draw_Pixel) for draw_Pixel
    draw2d.o(i.draw_Line) refers to lcd.o(i.draw_Pixel) for draw_Pixel
    draw2d.o(i.draw_Rectangle) refers to lcd.o(i.draw_Pixel) for draw_Pixel
    draw2d.o(i.draw_Triangle) refers to draw2d.o(i.draw_Line) for draw_Line
    draw2d.o(i.fill_Rectangle) refers to lcd.o(i.draw_Pixel) for draw_Pixel
    entry.o(.ARM.Collect$$$$00000000) refers (Special) to entry7b.o(.ARM.Collect$$$$00000008) for _main_clock
    entry.o(.ARM.Collect$$$$00000000) refers (Special) to entry8.o(.ARM.Collect$$$$00000009) for _main_init
    entry.o(.ARM.Collect$$$$00000000) refers (Special) to entry5.o(.ARM.Collect$$$$00000004) for _main_scatterload
    entry.o(.ARM.Collect$$$$00000000) refers (Special) to entry2.o(.ARM.Collect$$$$00000001) for _main_stk
    entry2.o(.ARM.Collect$$$$00000001) refers to entry2.o(.ARM.Collect$$$$00002712) for __lit__00000000
    entry2.o(.ARM.Collect$$$$00002712) refers to startup_nuc100series.o(STACK) for __initial_sp
    entry2.o(__vectab_stack_and_reset_area) refers to startup_nuc100series.o(STACK) for __initial_sp
    entry2.o(__vectab_stack_and_reset_area) refers to entry.o(.ARM.Collect$$$$00000000) for __main
    entry5.o(.ARM.Collect$$$$00000004) refers to init.o(.text) for __scatterload
    entry8.o(.ARM.Collect$$$$00000009) refers to main.o(i.main) for main
    init.o(.text) refers to entry5.o(.ARM.Collect$$$$00000004) for __main_after_scatterload


==============================================================================

Removing Unused input sections from the image.

    Removing system_nuc100series.o(.rev16_text), (4 bytes).
    Removing system_nuc100series.o(.revsh_text), (4 bytes).
    Removing system_nuc100series.o(i.SystemCoreClockUpdate), (144 bytes).
    Removing startup_nuc100series.o(HEAP), (0 bytes).
    Removing clk.o(.rev16_text), (4 bytes).
    Removing clk.o(.revsh_text), (4 bytes).
    Removing clk.o(i.CLK_DisableCKO), (16 bytes).
    Removing clk.o(i.CLK_DisableModuleClock), (52 bytes).
    Removing clk.o(i.CLK_DisablePLL), (16 bytes).
    Removing clk.o(i.CLK_DisableXtalRC), (16 bytes).
    Removing clk.o(i.CLK_EnableCKO), (44 bytes).
    Removing clk.o(i.CLK_EnableModuleClock), (52 bytes).
    Removing clk.o(i.CLK_EnablePLL), (408 bytes).
    Removing clk.o(i.CLK_EnableXtalRC), (16 bytes).
    Removing clk.o(i.CLK_GetCPUFreq), (16 bytes).
    Removing clk.o(i.CLK_GetHCLKFreq), (16 bytes).
    Removing clk.o(i.CLK_GetHXTFreq), (20 bytes).
    Removing clk.o(i.CLK_GetLXTFreq), (24 bytes).
    Removing clk.o(i.CLK_GetPCLKFreq), (16 bytes).
    Removing clk.o(i.CLK_Idle), (32 bytes).
    Removing clk.o(i.CLK_PowerDown), (36 bytes).
    Removing clk.o(i.CLK_SetCoreClock), (120 bytes).
    Removing clk.o(i.CLK_SetHCLK), (72 bytes).
    Removing clk.o(i.CLK_SetModuleClock), (204 bytes).
    Removing clk.o(i.CLK_SetSysTickClockSrc), (20 bytes).
    Removing clk.o(i.CLK_WaitClockReady), (44 bytes).
    Removing clk.o(.constdata), (56 bytes).
    Removing uart.o(.rev16_text), (4 bytes).
    Removing uart.o(.revsh_text), (4 bytes).
    Removing uart.o(i.CLK_GetPLLClockFreq), (88 bytes).
    Removing uart.o(i.UART_ClearIntFlag), (56 bytes).
    Removing uart.o(i.UART_Close), (6 bytes).
    Removing uart.o(i.UART_DisableFlowCtrl), (12 bytes).
    Removing uart.o(i.UART_DisableInt), (48 bytes).
    Removing uart.o(i.UART_EnableFlowCtrl), (30 bytes).
    Removing uart.o(i.UART_EnableInt), (48 bytes).
    Removing uart.o(i.UART_Open), (136 bytes).
    Removing uart.o(i.UART_Read), (44 bytes).
    Removing uart.o(i.UART_SelectIrDAMode), (136 bytes).
    Removing uart.o(i.UART_SelectLINMode), (24 bytes).
    Removing uart.o(i.UART_SelectRS485Mode), (32 bytes).
    Removing uart.o(i.UART_SetLine_Config), (132 bytes).
    Removing uart.o(i.UART_SetTimeoutCnt), (22 bytes).
    Removing uart.o(i.UART_Write), (44 bytes).
    Removing uart.o(.constdata), (48 bytes).
    Removing spi.o(.rev16_text), (4 bytes).
    Removing spi.o(.revsh_text), (4 bytes).
    Removing spi.o(i.CLK_GetPLLClockFreq), (88 bytes).
    Removing spi.o(i.SPI_ClearIntFlag), (48 bytes).
    Removing spi.o(i.SPI_ClearRxFIFO), (10 bytes).
    Removing spi.o(i.SPI_ClearTxFIFO), (10 bytes).
    Removing spi.o(i.SPI_Close), (72 bytes).
    Removing spi.o(i.SPI_DisableAutoSS), (10 bytes).
    Removing spi.o(i.SPI_DisableFIFO), (12 bytes).
    Removing spi.o(i.SPI_DisableInt), (80 bytes).
    Removing spi.o(i.SPI_EnableAutoSS), (18 bytes).
    Removing spi.o(i.SPI_EnableFIFO), (30 bytes).
    Removing spi.o(i.SPI_EnableInt), (80 bytes).
    Removing spi.o(i.SPI_GetBusClock), (100 bytes).
    Removing spi.o(i.SPI_GetIntFlag), (88 bytes).
    Removing spi.o(i.SPI_GetStatus), (74 bytes).
    Removing spi.o(i.SPI_Open), (360 bytes).
    Removing spi.o(i.SPI_SetBusClock), (280 bytes).
    Removing gpio.o(.rev16_text), (4 bytes).
    Removing gpio.o(.revsh_text), (4 bytes).
    Removing gpio.o(i.GPIO_DisableInt), (28 bytes).
    Removing gpio.o(i.GPIO_EnableInt), (26 bytes).
    Removing main.o(.rev16_text), (4 bytes).
    Removing main.o(.revsh_text), (4 bytes).
    Removing sys_init.o(.rev16_text), (4 bytes).
    Removing sys_init.o(.revsh_text), (4 bytes).
    Removing sys_init.o(i.SYS_Init), (116 bytes).
    Removing lcd.o(.rev16_text), (4 bytes).
    Removing lcd.o(.revsh_text), (4 bytes).
    Removing lcd.o(i.clear_LCD), (84 bytes).
    Removing lcd.o(i.draw_Bmp120x8), (74 bytes).
    Removing lcd.o(i.draw_Bmp16x24), (102 bytes).
    Removing lcd.o(i.draw_Bmp16x32), (102 bytes).
    Removing lcd.o(i.draw_Bmp16x40), (102 bytes).
    Removing lcd.o(i.draw_Bmp16x48), (102 bytes).
    Removing lcd.o(i.draw_Bmp16x64), (102 bytes).
    Removing lcd.o(i.draw_Bmp16x8), (74 bytes).
    Removing lcd.o(i.draw_Bmp32x32), (132 bytes).
    Removing lcd.o(i.draw_Bmp32x64), (132 bytes).
    Removing lcd.o(i.draw_Bmp32x8), (74 bytes).
    Removing lcd.o(i.draw_Bmp64x64), (132 bytes).
    Removing lcd.o(i.draw_Bmp8x16), (124 bytes).
    Removing lcd.o(i.draw_Bmp8x8), (74 bytes).
    Removing lcd.o(i.init_LCD), (38 bytes).
    Removing lcd.o(i.init_SPI3), (36 bytes).
    Removing lcd.o(i.lcdWriteCommand), (40 bytes).
    Removing lcd.o(i.printC), (92 bytes).
    Removing lcd.o(i.printC_5x7), (80 bytes).
    Removing lcd.o(i.printS), (42 bytes).
    Removing lcd.o(i.printS_5x7), (42 bytes).
    Removing lcd.o(i.print_Line), (36 bytes).
    Removing lcd.o(.data), (2000 bytes).
    Removing draw2d.o(.rev16_text), (4 bytes).
    Removing draw2d.o(.revsh_text), (4 bytes).
    Removing draw2d.o(i.draw_Line), (180 bytes).
    Removing draw2d.o(i.draw_Rectangle), (128 bytes).
    Removing draw2d.o(i.draw_Triangle), (60 bytes).

102 unused section(s) (total 8132 bytes) removed from the image.

==============================================================================

Image Symbol Table

    Local Symbols

    Symbol Name                              Value     Ov Type        Size  Object(Section)

    RESET                                    0x00000000   Section      192  startup_nuc100series.o(RESET)
    ../../microlib/division.c                0x00000000   Number         0  uidiv.o ABSOLUTE
    ../../microlib/init/entry.s              0x00000000   Number         0  entry8.o ABSOLUTE
    ../../microlib/init/entry.s              0x00000000   Number         0  entry2.o ABSOLUTE
    ../../microlib/init/entry.s              0x00000000   Number         0  entry5.o ABSOLUTE
    ../../microlib/init/entry.s              0x00000000   Number         0  entry7a.o ABSOLUTE
    ../../microlib/init/entry.s              0x00000000   Number         0  entry7b.o ABSOLUTE
    ../../microlib/init/entry.s              0x00000000   Number         0  entry.o ABSOLUTE
    ../../microlib/string/strlen.c           0x00000000   Number         0  strlen.o ABSOLUTE
    ..\..\..\..\Library\Device\Nuvoton\NUC100Series\Source\ARM\startup_NUC100Series.s 0x00000000   Number         0  startup_nuc100series.o ABSOLUTE
    ..\..\..\..\Library\Device\Nuvoton\NUC100Series\Source\system_NUC100Series.c 0x00000000   Number         0  system_nuc100series.o ABSOLUTE
    ..\..\..\..\Library\NUC1xx-LB_002\Source\LCD.c 0x00000000   Number         0  lcd.o ABSOLUTE
    ..\..\..\..\Library\NuMakerLib\Source\Draw2D.c 0x00000000   Number         0  draw2d.o ABSOLUTE
    ..\..\..\..\Library\NuMakerLib\Source\SYS_init.c 0x00000000   Number         0  sys_init.o ABSOLUTE
    ..\..\..\..\Library\StdDriver\src\clk.c  0x00000000   Number         0  clk.o ABSOLUTE
    ..\..\..\..\Library\StdDriver\src\gpio.c 0x00000000   Number         0  gpio.o ABSOLUTE
    ..\..\..\..\Library\StdDriver\src\spi.c  0x00000000   Number         0  spi.o ABSOLUTE
    ..\..\..\..\Library\StdDriver\src\uart.c 0x00000000   Number         0  uart.o ABSOLUTE
    ..\\..\\..\\..\\Library\\Device\\Nuvoton\\NUC100Series\\Source\\system_NUC100Series.c 0x00000000   Number         0  system_nuc100series.o ABSOLUTE
    ..\\..\\..\\..\\Library\\NUC1xx-LB_002\\Source\\LCD.c 0x00000000   Number         0  lcd.o ABSOLUTE
    ..\\..\\..\\..\\Library\\NuMakerLib\\Source\\Draw2D.c 0x00000000   Number         0  draw2d.o ABSOLUTE
    ..\\..\\..\\..\\Library\\NuMakerLib\\Source\\SYS_init.c 0x00000000   Number         0  sys_init.o ABSOLUTE
    ..\\..\\..\\..\\Library\\StdDriver\\src\\clk.c 0x00000000   Number         0  clk.o ABSOLUTE
    ..\\..\\..\\..\\Library\\StdDriver\\src\\gpio.c 0x00000000   Number         0  gpio.o ABSOLUTE
    ..\\..\\..\\..\\Library\\StdDriver\\src\\spi.c 0x00000000   Number         0  spi.o ABSOLUTE
    ..\\..\\..\\..\\Library\\StdDriver\\src\\uart.c 0x00000000   Number         0  uart.o ABSOLUTE
    ..\\main.c                               0x00000000   Number         0  main.o ABSOLUTE
    ..\main.c                                0x00000000   Number         0  main.o ABSOLUTE
    handlers.s                               0x00000000   Number         0  handlers.o ABSOLUTE
    init.s                                   0x00000000   Number         0  init.o ABSOLUTE
    .ARM.Collect$$$$00000000                 0x000000c0   Section        0  entry.o(.ARM.Collect$$$$00000000)
    .ARM.Collect$$$$00000001                 0x000000c0   Section        4  entry2.o(.ARM.Collect$$$$00000001)
    .ARM.Collect$$$$00000004                 0x000000c4   Section        4  entry5.o(.ARM.Collect$$$$00000004)
    .ARM.Collect$$$$00000008                 0x000000c8   Section        0  entry7b.o(.ARM.Collect$$$$00000008)
    .ARM.Collect$$$$00000009                 0x000000c8   Section        8  entry8.o(.ARM.Collect$$$$00000009)
    .ARM.Collect$$$$00002712                 0x000000d0   Section        4  entry2.o(.ARM.Collect$$$$00002712)
    __lit__00000000                          0x000000d0   Data           4  entry2.o(.ARM.Collect$$$$00002712)
    .text                                    0x000000d4   Section       76  startup_nuc100series.o(.text)
    Default_Handler                          0x000000ff   Thumb Code     2  startup_nuc100series.o(.text)
    .text                                    0x00000120   Section       36  init.o(.text)
    i.CLK_SysTickDelay                       0x00000144   Section        0  main.o(i.CLK_SysTickDelay)
    CLK_SysTickDelay                         0x00000145   Thumb Code    28  main.o(i.CLK_SysTickDelay)
    i.GPIO_SetMode                           0x00000168   Section        0  gpio.o(i.GPIO_SetMode)
    i.KeyPadEnable                           0x00000190   Section        0  main.o(i.KeyPadEnable)
    i.KeyPadScanning                         0x000001d8   Section        0  main.o(i.KeyPadScanning)
    i.LCD_SetAddress                         0x00000264   Section        0  main.o(i.LCD_SetAddress)
    i.LCD_clear                              0x00000282   Section        0  main.o(i.LCD_clear)
    i.LCD_command                            0x000002a4   Section        0  main.o(i.LCD_command)
    i.LCD_data                               0x000002cc   Section        0  main.o(i.LCD_data)
    i.LCD_start                              0x000002f8   Section        0  main.o(i.LCD_start)
    i.SPI3_Config                            0x00000328   Section        0  main.o(i.SPI3_Config)
    i.SystemInit                             0x000003a4   Section        0  system_nuc100series.o(i.SystemInit)
    i.System_Config                          0x000003a8   Section        0  main.o(i.System_Config)
    i.__ARM_common_switch8                   0x00000438   Section        0  main.o(i.__ARM_common_switch8)
    i.__scatterload_copy                     0x00000452   Section       14  handlers.o(i.__scatterload_copy)
    i.__scatterload_null                     0x00000460   Section        2  handlers.o(i.__scatterload_null)
    i.__scatterload_zeroinit                 0x00000462   Section       14  handlers.o(i.__scatterload_zeroinit)
    i.draw_Bmp16x16                          0x00000470   Section        0  lcd.o(i.draw_Bmp16x16)
    i.draw_Bmp32x16                          0x000004d6   Section        0  lcd.o(i.draw_Bmp32x16)
    i.draw_Bmp32x48                          0x0000055a   Section        0  lcd.o(i.draw_Bmp32x48)
    i.draw_Circle                            0x000005de   Section        0  draw2d.o(i.draw_Circle)
    i.draw_LCD                               0x000006b4   Section        0  lcd.o(i.draw_LCD)
    i.draw_Pixel                             0x000006e4   Section        0  lcd.o(i.draw_Pixel)
    i.fill_Rectangle                         0x0000072c   Section        0  draw2d.o(i.fill_Rectangle)
    i.lcdSetAddr                             0x00000770   Section        0  lcd.o(i.lcdSetAddr)
    i.lcdWriteData                           0x000007e0   Section        0  lcd.o(i.lcdWriteData)
    i.main                                   0x0000080c   Section        0  main.o(i.main)
    .data                                    0x20000000   Section       44  system_nuc100series.o(.data)
    .data                                    0x2000002c   Section     5888  main.o(.data)
    .bss                                     0x2000172c   Section     1024  lcd.o(.bss)
    STACK                                    0x20001b30   Section     1024  startup_nuc100series.o(STACK)

    Global Symbols

    Symbol Name                              Value     Ov Type        Size  Object(Section)

    BuildAttributes$$THM_ISAv3M$S$PE$A:L22$X:L11$S22$IEEE1$IW$USESV6$~STKCKD$USESV7$~SHL$OSPACE$EBA8$MICROLIB$REQ8$PRES8$EABIv2 0x00000000   Number         0  anon$$obj.o ABSOLUTE
    __ARM_use_no_argv                        0x00000000   Number         0  main.o ABSOLUTE
    __Vectors                                0x00000000   Data           4  startup_nuc100series.o(RESET)
    __decompress                              - Undefined Weak Reference
    _clock_init                               - Undefined Weak Reference
    __main                                   0x000000c1   Thumb Code     0  entry.o(.ARM.Collect$$$$00000000)
    _main_stk                                0x000000c1   Thumb Code     0  entry2.o(.ARM.Collect$$$$00000001)
    _main_scatterload                        0x000000c5   Thumb Code     0  entry5.o(.ARM.Collect$$$$00000004)
    __main_after_scatterload                 0x000000c9   Thumb Code     0  entry5.o(.ARM.Collect$$$$00000004)
    _main_clock                              0x000000c9   Thumb Code     0  entry7b.o(.ARM.Collect$$$$00000008)
    _main_init                               0x000000c9   Thumb Code     0  entry8.o(.ARM.Collect$$$$00000009)
    Reset_Handler                            0x000000d5   Thumb Code    32  startup_nuc100series.o(.text)
    NMI_Handler                              0x000000f5   Thumb Code     2  startup_nuc100series.o(.text)
    HardFault_Handler                        0x000000f7   Thumb Code     2  startup_nuc100series.o(.text)
    SVC_Handler                              0x000000f9   Thumb Code     2  startup_nuc100series.o(.text)
    PendSV_Handler                           0x000000fb   Thumb Code     2  startup_nuc100series.o(.text)
    SysTick_Handler                          0x000000fd   Thumb Code     2  startup_nuc100series.o(.text)
    ACMP_IRQHandler                          0x000000ff   Thumb Code     0  startup_nuc100series.o(.text)
    ADC_IRQHandler                           0x000000ff   Thumb Code     0  startup_nuc100series.o(.text)
    BOD_IRQHandler                           0x000000ff   Thumb Code     0  startup_nuc100series.o(.text)
    CAN0_IRQHandler                          0x000000ff   Thumb Code     0  startup_nuc100series.o(.text)
    CAN1_IRQHandler                          0x000000ff   Thumb Code     0  startup_nuc100series.o(.text)
    EINT0_IRQHandler                         0x000000ff   Thumb Code     0  startup_nuc100series.o(.text)
    EINT1_IRQHandler                         0x000000ff   Thumb Code     0  startup_nuc100series.o(.text)
    GPAB_IRQHandler                          0x000000ff   Thumb Code     0  startup_nuc100series.o(.text)
    GPCDEF_IRQHandler                        0x000000ff   Thumb Code     0  startup_nuc100series.o(.text)
    I2C0_IRQHandler                          0x000000ff   Thumb Code     0  startup_nuc100series.o(.text)
    I2C1_IRQHandler                          0x000000ff   Thumb Code     0  startup_nuc100series.o(.text)
    I2S_IRQHandler                           0x000000ff   Thumb Code     0  startup_nuc100series.o(.text)
    PDMA_IRQHandler                          0x000000ff   Thumb Code     0  startup_nuc100series.o(.text)
    PS2_IRQHandler                           0x000000ff   Thumb Code     0  startup_nuc100series.o(.text)
    PWM0_IRQHandler                          0x000000ff   Thumb Code     0  startup_nuc100series.o(.text)
    PWM1_IRQHandler                          0x000000ff   Thumb Code     0  startup_nuc100series.o(.text)
    PWRWU_IRQHandler                         0x000000ff   Thumb Code     0  startup_nuc100series.o(.text)
    RTC_IRQHandler                           0x000000ff   Thumb Code     0  startup_nuc100series.o(.text)
    SC012_IRQHandler                         0x000000ff   Thumb Code     0  startup_nuc100series.o(.text)
    SPI0_IRQHandler                          0x000000ff   Thumb Code     0  startup_nuc100series.o(.text)
    SPI1_IRQHandler                          0x000000ff   Thumb Code     0  startup_nuc100series.o(.text)
    SPI2_IRQHandler                          0x000000ff   Thumb Code     0  startup_nuc100series.o(.text)
    SPI3_IRQHandler                          0x000000ff   Thumb Code     0  startup_nuc100series.o(.text)
    TMR0_IRQHandler                          0x000000ff   Thumb Code     0  startup_nuc100series.o(.text)
    TMR1_IRQHandler                          0x000000ff   Thumb Code     0  startup_nuc100series.o(.text)
    TMR2_IRQHandler                          0x000000ff   Thumb Code     0  startup_nuc100series.o(.text)
    TMR3_IRQHandler                          0x000000ff   Thumb Code     0  startup_nuc100series.o(.text)
    UART02_IRQHandler                        0x000000ff   Thumb Code     0  startup_nuc100series.o(.text)
    UART1_IRQHandler                         0x000000ff   Thumb Code     0  startup_nuc100series.o(.text)
    USBD_IRQHandler                          0x000000ff   Thumb Code     0  startup_nuc100series.o(.text)
    WDT_IRQHandler                           0x000000ff   Thumb Code     0  startup_nuc100series.o(.text)
    __scatterload                            0x00000121   Thumb Code    28  init.o(.text)
    __scatterload_rt2                        0x00000121   Thumb Code     0  init.o(.text)
    GPIO_SetMode                             0x00000169   Thumb Code    40  gpio.o(i.GPIO_SetMode)
    KeyPadEnable                             0x00000191   Thumb Code    66  main.o(i.KeyPadEnable)
    KeyPadScanning                           0x000001d9   Thumb Code   136  main.o(i.KeyPadScanning)
    LCD_SetAddress                           0x00000265   Thumb Code    30  main.o(i.LCD_SetAddress)
    LCD_clear                                0x00000283   Thumb Code    32  main.o(i.LCD_clear)
    LCD_command                              0x000002a5   Thumb Code    34  main.o(i.LCD_command)
    LCD_data                                 0x000002cd   Thumb Code    38  main.o(i.LCD_data)
    LCD_start                                0x000002f9   Thumb Code    46  main.o(i.LCD_start)
    SPI3_Config                              0x00000329   Thumb Code   118  main.o(i.SPI3_Config)
    SystemInit                               0x000003a5   Thumb Code     2  system_nuc100series.o(i.SystemInit)
    System_Config                            0x000003a9   Thumb Code   136  main.o(i.System_Config)
    __ARM_common_switch8                     0x00000439   Thumb Code    26  main.o(i.__ARM_common_switch8)
    __scatterload_copy                       0x00000453   Thumb Code    14  handlers.o(i.__scatterload_copy)
    __scatterload_null                       0x00000461   Thumb Code     2  handlers.o(i.__scatterload_null)
    __scatterload_zeroinit                   0x00000463   Thumb Code    14  handlers.o(i.__scatterload_zeroinit)
    draw_Bmp16x16                            0x00000471   Thumb Code   102  lcd.o(i.draw_Bmp16x16)
    draw_Bmp32x16                            0x000004d7   Thumb Code   132  lcd.o(i.draw_Bmp32x16)
    draw_Bmp32x48                            0x0000055b   Thumb Code   132  lcd.o(i.draw_Bmp32x48)
    draw_Circle                              0x000005df   Thumb Code   214  draw2d.o(i.draw_Circle)
    draw_LCD                                 0x000006b5   Thumb Code    48  lcd.o(i.draw_LCD)
    draw_Pixel                               0x000006e5   Thumb Code    66  lcd.o(i.draw_Pixel)
    fill_Rectangle                           0x0000072d   Thumb Code    66  draw2d.o(i.fill_Rectangle)
    lcdSetAddr                               0x00000771   Thumb Code   106  lcd.o(i.lcdSetAddr)
    lcdWriteData                             0x000007e1   Thumb Code    40  lcd.o(i.lcdWriteData)
    main                                     0x0000080d   Thumb Code   440  main.o(i.main)
    Region$$Table$$Base                      0x000009e4   Number         0  anon$$obj.o(Region$$Table)
    Region$$Table$$Limit                     0x00000a04   Number         0  anon$$obj.o(Region$$Table)
    SystemCoreClock                          0x20000000   Data           4  system_nuc100series.o(.data)
    CyclesPerUs                              0x20000004   Data           4  system_nuc100series.o(.data)
    PllClock                                 0x20000008   Data           4  system_nuc100series.o(.data)
    gau32ClkSrcTbl                           0x2000000c   Data          32  system_nuc100series.o(.data)
    DDRAM_BUFFER_01                          0x2000002c   Data        1024  main.o(.data)
    DDRAM_BUFFER_02                          0x2000042c   Data        1024  main.o(.data)
    diamond_16x16                            0x2000082c   Data         256  main.o(.data)
    archer_32x48                             0x2000092c   Data        1536  main.o(.data)
    archer_release_32x48                     0x20000f2c   Data        1536  main.o(.data)
    arrow_32x16                              0x2000152c   Data         512  main.o(.data)
    DisplayBuffer                            0x2000172c   Data        1024  lcd.o(.bss)
    __initial_sp                             0x20001f30   Data           0  startup_nuc100series.o(STACK)



==============================================================================

Memory Map of the image

  Image Entry point : 0x000000d5

  Load Region LR_1 (Base: 0x00000000, Size: 0x00002130, Max: 0xffffffff, ABSOLUTE)

    Execution Region ER_RO (Base: 0x00000000, Size: 0x00000a04, Max: 0xffffffff, ABSOLUTE)

    Base Addr    Size         Type   Attr      Idx    E Section Name        Object

    0x00000000   0x000000c0   Data   RO          117    RESET               startup_nuc100series.o
    0x000000c0   0x00000000   Code   RO          943  * .ARM.Collect$$$$00000000  mc_p.l(entry.o)
    0x000000c0   0x00000004   Code   RO          948    .ARM.Collect$$$$00000001  mc_p.l(entry2.o)
    0x000000c4   0x00000004   Code   RO          951    .ARM.Collect$$$$00000004  mc_p.l(entry5.o)
    0x000000c8   0x00000000   Code   RO          953    .ARM.Collect$$$$00000008  mc_p.l(entry7b.o)
    0x000000c8   0x00000008   Code   RO          954    .ARM.Collect$$$$00000009  mc_p.l(entry8.o)
    0x000000d0   0x00000004   Code   RO          949    .ARM.Collect$$$$00002712  mc_p.l(entry2.o)
    0x000000d4   0x0000004c   Code   RO          118  * .text               startup_nuc100series.o
    0x00000120   0x00000024   Code   RO          955    .text               mc_p.l(init.o)
    0x00000144   0x00000024   Code   RO          536    i.CLK_SysTickDelay  main.o
    0x00000168   0x00000028   Code   RO          503    i.GPIO_SetMode      gpio.o
    0x00000190   0x00000048   Code   RO          537    i.KeyPadEnable      main.o
    0x000001d8   0x0000008c   Code   RO          538    i.KeyPadScanning    main.o
    0x00000264   0x0000001e   Code   RO          539    i.LCD_SetAddress    main.o
    0x00000282   0x00000020   Code   RO          540    i.LCD_clear         main.o
    0x000002a2   0x00000002   PAD
    0x000002a4   0x00000028   Code   RO          541    i.LCD_command       main.o
    0x000002cc   0x0000002c   Code   RO          542    i.LCD_data          main.o
    0x000002f8   0x0000002e   Code   RO          543    i.LCD_start         main.o
    0x00000326   0x00000002   PAD
    0x00000328   0x0000007c   Code   RO          544    i.SPI3_Config       main.o
    0x000003a4   0x00000002   Code   RO            4    i.SystemInit        system_nuc100series.o
    0x000003a6   0x00000002   PAD
    0x000003a8   0x00000090   Code   RO          545    i.System_Config     main.o
    0x00000438   0x0000001a   Code   RO          611    i.__ARM_common_switch8  main.o
    0x00000452   0x0000000e   Code   RO          959    i.__scatterload_copy  mc_p.l(handlers.o)
    0x00000460   0x00000002   Code   RO          960    i.__scatterload_null  mc_p.l(handlers.o)
    0x00000462   0x0000000e   Code   RO          961    i.__scatterload_zeroinit  mc_p.l(handlers.o)
    0x00000470   0x00000066   Code   RO          703    i.draw_Bmp16x16     lcd.o
    0x000004d6   0x00000084   Code   RO          710    i.draw_Bmp32x16     lcd.o
    0x0000055a   0x00000084   Code   RO          712    i.draw_Bmp32x48     lcd.o
    0x000005de   0x000000d6   Code   RO          901    i.draw_Circle       draw2d.o
    0x000006b4   0x00000030   Code   RO          718    i.draw_LCD          lcd.o
    0x000006e4   0x00000048   Code   RO          719    i.draw_Pixel        lcd.o
    0x0000072c   0x00000042   Code   RO          905    i.fill_Rectangle    draw2d.o
    0x0000076e   0x00000002   PAD
    0x00000770   0x00000070   Code   RO          722    i.lcdSetAddr        lcd.o
    0x000007e0   0x0000002c   Code   RO          724    i.lcdWriteData      lcd.o
    0x0000080c   0x000001d8   Code   RO          546    i.main              main.o
    0x000009e4   0x00000020   Data   RO          957    Region$$Table       anon$$obj.o


    Execution Region ER_RW (Base: 0x20000000, Size: 0x0000172c, Max: 0xffffffff, ABSOLUTE)

    Base Addr    Size         Type   Attr      Idx    E Section Name        Object

    0x20000000   0x0000002c   Data   RW            5    .data               system_nuc100series.o
    0x2000002c   0x00001700   Data   RW          547    .data               main.o


    Execution Region ER_ZI (Base: 0x2000172c, Size: 0x00000804, Max: 0xffffffff, ABSOLUTE)

    Base Addr    Size         Type   Attr      Idx    E Section Name        Object

    0x2000172c   0x00000400   Zero   RW          730    .bss                lcd.o
    0x20001b2c   0x00000004   PAD
    0x20001b30   0x00000400   Zero   RW          115    STACK               startup_nuc100series.o


==============================================================================

Image component sizes


      Code (inc. data)   RO Data    RW Data    ZI Data      Debug   Object Name

       280          0          0          0          0       1983   draw2d.o
        40          0          0          0          0        971   gpio.o
       642         16          0          0       1024       7353   lcd.o
      1206         86          0       5888          0      48463   main.o
        76         32        192          0       1024        716   startup_nuc100series.o
         2          0          0         44          0     105651   system_nuc100series.o

    ----------------------------------------------------------------------
      2254        134        224       5932       2052     165137   Object Totals
         0          0         32          0          0          0   (incl. Generated)
         8          0          0          0          4          0   (incl. Padding)

    ----------------------------------------------------------------------

      Code (inc. data)   RO Data    RW Data    ZI Data      Debug   Library Member Name

         0          0          0          0          0          0   entry.o
         8          4          0          0          0          0   entry2.o
         4          0          0          0          0          0   entry5.o
         0          0          0          0          0          0   entry7b.o
         8          4          0          0          0          0   entry8.o
        30          0          0          0          0          0   handlers.o
        36          8          0          0          0         68   init.o

    ----------------------------------------------------------------------
        86         16          0          0          0         68   Library Totals
         0          0          0          0          0          0   (incl. Padding)

    ----------------------------------------------------------------------

      Code (inc. data)   RO Data    RW Data    ZI Data      Debug   Library Name

        86         16          0          0          0         68   mc_p.l

    ----------------------------------------------------------------------
        86         16          0          0          0         68   Library Totals

    ----------------------------------------------------------------------

==============================================================================


      Code (inc. data)   RO Data    RW Data    ZI Data      Debug   

      2340        150        224       5932       2052     164273   Grand Totals
      2340        150        224       5932       2052     164273   ELF Image Totals
      2340        150        224       5932          0          0   ROM Totals

==============================================================================

    Total RO  Size (Code + RO Data)                 2564 (   2.50kB)
    Total RW  Size (RW Data + ZI Data)              7984 (   7.80kB)
    Total ROM Size (Code + RO Data + RW Data)       8496 (   8.30kB)

==============================================================================

