<html>
<body>
<pre>
<h1>µVision Build Log</h1>
<h2>Project:</h2>
C:\NUC140_Information\Nu_LB_NUC140_Dev\ProjectDev\Nu-LB-NUC140\Lab4_LCD_Text\KEIL\Nu-LB-NUC140_Lab4_LCD_text.uvproj
Project File Date:  08/31/2017

<h2>Output:</h2>
Build target 'LCD_picture'
creating preprocessor file for system_NUC100Series.c...
compiling system_NUC100Series.c...
assembling startup_NUC100Series.s...
creating preprocessor file for clk.c...
compiling clk.c...
creating preprocessor file for uart.c...
compiling uart.c...
creating preprocessor file for spi.c...
compiling spi.c...
creating preprocessor file for gpio.c...
compiling gpio.c...
creating preprocessor file for main.c...
compiling main.c...
..\main.c(189): error:  #20: identifier "HXT_CLK" is undefined
..\main.c(190): error:  #20: identifier "HXT_STATUS" is undefined
..\main.c(192): error:  #20: identifier "LXT_CLK" is undefined
..\main.c(193): error:  #20: identifier "LXT_STATUS" is undefined
..\main.c(199): error:  #20: identifier "PLLCON_FB_DV_MASK" is undefined
..\main.c(200): error:  #20: identifier "PLLCON_FB_DV_VAL" is undefined
..\main.c(201): error:  #20: identifier "PLL_STATUS" is undefined
..\main.c(204): error:  #20: identifier "CLK_SEL_MASK" is undefined
..\main.c(205): error:  #20: identifier "PLL_CLK_SEL" is undefined
..\main.c(209): error:  #20: identifier "CPUCLOCKDIVIDE" is undefined
creating preprocessor file for SYS_init.c...
compiling SYS_init.c...
creating preprocessor file for LCD.c...
compiling LCD.c...
creating preprocessor file for Draw2D.c...
compiling Draw2D.c...
Target not created
Build target 'LCD_picture'
creating preprocessor file for main.c...
compiling main.c...
..\main.c(205): warning:  #68-D: integer conversion resulted in a change of sign
linking...
Program Size: Code=1520 RO-data=224 RW-data=2044 ZI-data=1028  
User command #1: fromelf --bin ".\obj\LCD_picture.axf" --output ".\obj\LCD_picture.bin"
User command #2: fromelf --text -c ".\obj\LCD_picture.axf" --output ".\obj\LCD_picture.txt"
".\obj\LCD_picture.axf" - 0 Error(s), 1 Warning(s).
Load "C:\\NUC140_Information\\Nu_LB_NUC140_Dev\\ProjectDev\\Nu-LB-NUC140\\Lab4_LCD_Text\\KEIL\\obj\\LCD_picture.AXF" 
Erase Done.
Programming Done.
Verify OK.
Application running...
